// 同步 ID: ceb97c8e @ Tue Jul 21 20:51:14 UTC 2026
// 同步 ID: 50afdc2b @ Wed Jul 22 05:25:30 UTC 2026
// 同步 ID: d6f20d26 @ Wed Jul 22 11:22:20 UTC 2026
// 同步 ID: d2029b1e @ Thu Jul 23 10:20:55 UTC 2026
// 重构日志: 25405ec6
// 重构日志: 40d393e8
// 重构日志: df880143
// 重构日志: b1dccef0
// 重构日志: ea437535
// 同步 ID: 50b0e582 @ Sat Jul 25 20:21:58 UTC 2026
// 同步 ID: 699d4528 @ Sun Jul 26 14:14:29 UTC 2026
// 同步 ID: b798b343 @ Mon Jul 27 08:40:44 UTC 2026
// 重构日志: f095dd08
// 同步 ID: aac4da1c @ Mon Jul 27 16:07:36 UTC 2026
// 同步 ID: ba92f83d @ Mon Jul 27 17:46:39 UTC 2026
// 同步 ID: 5697d574 @ Tue Jul 28 08:02:28 UTC 2026
// 重构日志: e0d8a228
// 同步 ID: 8b785e65 @ Tue Jul 28 17:21:16 UTC 2026
// 同步 ID: 53684c0a @ Thu Jul 30 20:55:52 UTC 2026
// 重构日志: 00082b08
// 同步 ID: 45a2135e @ Sat Aug  1 15:43:34 UTC 2026
// 重构日志: f4828e6e
// 同步 ID: 83fafc3f @ Sun Aug  2 08:29:10 UTC 2026
// 重构日志: bc1fc6b9
// 同步 ID: b734a342 @ Sun Aug  2 12:11:17 UTC 2026
// 重构日志: 5536a5fc
// 重构日志: 48947298
// 同步 ID: 0281cb10 @ Fri Aug  7 06:05:18 UTC 2026
// 同步 ID: e86882ea @ Fri Aug  7 11:53:11 UTC 2026
// 同步 ID: 3af95d19 @ Fri Aug  7 16:54:52 UTC 2026
